// Jest Snapshot v1, https://goo.gl/fbAQLP

exports[`should render initial layout 1`] = `
Array [
  <label
    className="search-input"
    htmlFor="search"
  >
    <img
      alt="search"
      src="search.svg"
    />
    <input
      className="search-input__input-field"
      id="search"
      onChange={[Function]}
      placeholder="Search"
      type="text"
    />
  </label>,
]
`;
