// Jest Snapshot v1, https://goo.gl/fbAQLP

exports[`should render initial layout 1`] = `
Array [
  <header>
    <div
      className="header"
    >
      <div
        className="header__col"
      >
        <h2
          className="header__title"
        >
          Servers
        </h2>
        <h3
          className="header__subtitle"
        >
          Number of elements: 
          16
        </h3>
      </div>
      <div
        className="header__col"
      >
        <SearchInput
          onSearch={[Function]}
        />
      </div>
    </div>
  </header>,
]
`;
